INFO:     Started server process [31097]
INFO:     Waiting for application startup.
INFO:     Application startup complete.
INFO:     Uvicorn running on http://0.0.0.0:8000 (Press CTRL+C to quit)
2026-09-05 16:01:30 | INFO     | engine.storage            | ✅ [UPSTASH REDIS] GET 'runtime_state' successful — restored persistent cloud state
2026-09-05 16:01:30 | INFO     | engine.storage            | Loaded runtime_state from external Upstash Redis cloud persistence
2026-09-05 16:01:31 | INFO     | engine.storage            | ✅ [UPSTASH REDIS] SET 'runtime_state' successful (24702 bytes synced to cloud)
2026-09-05 16:01:31 | INFO     | engine.storage            | ✅ [UPSTASH REDIS] GET 'memory_portfolio_memory' successful — restored persistent cloud state
2026-09-05 16:01:31 | INFO     | engine.storage            | Loaded memory 'portfolio_memory' from external Upstash Redis cloud persistence
2026-09-05 16:01:32 | INFO     | engine.storage            | ✅ [UPSTASH REDIS] GET 'memory_strategy_memory' successful — restored persistent cloud state
2026-09-05 16:01:32 | INFO     | engine.storage            | Loaded memory 'strategy_memory' from external Upstash Redis cloud persistence
2026-09-05 16:01:32 | INFO     | engine.storage            | ✅ [UPSTASH REDIS] GET 'memory_portfolio_memory' successful — restored persistent cloud state
2026-09-05 16:01:32 | INFO     | engine.storage            | Loaded memory 'portfolio_memory' from external Upstash Redis cloud persistence
2026-09-05 16:01:33 | INFO     | engine.execution.binance_executor | Binance time synced. Offset: 260ms
2026-09-05 16:01:33 | INFO     | engine.scheduler.scheduler | Registered job: scan (every 60s)
2026-09-05 16:01:33 | INFO     | engine.scheduler.scheduler | Registered job: execute (every 60s)
2026-09-05 16:01:33 | INFO     | engine.scheduler.scheduler | Registered job: macro_strategy (every 14400s)
2026-09-05 16:01:33 | INFO     | engine.scheduler.scheduler | Registered job: rebalance (every 3600s)
2026-09-05 16:01:33 | INFO     | engine.scheduler.scheduler | Registered job: learning (every 1800s)
2026-09-05 16:01:33 | INFO     | engine.scheduler.scheduler | Registered job: report (every 86400s)
2026-09-05 16:01:33 | INFO     | engine.scheduler.scheduler | Registered job: news (every 300s)
2026-09-05 16:01:33 | INFO     | api.main                  | Binance API connectivity verified
2026-09-05 16:01:34 | INFO     | engine.storage            | ✅ [UPSTASH REDIS] SET 'runtime_state' successful (24701 bytes synced to cloud)
2026-09-05 16:01:34 | INFO     | engine.scheduler.scheduler | Scheduler started
2026-09-05 16:01:34 | INFO     | api.main                  | BINANCE-AI-TRADER booted. Mode: live
2026-09-05 16:01:34 | INFO     | engine.execution.ws_price_stream | PriceStream started: tracking 11 symbols, polling every 2.0s
2026-09-05 16:01:35 | WARNING  | engine.trader             | Sentiment data unavailable for: BTCUSDT, ETHUSDT, SOLUSDT, XRPUSDT, BNBUSDT, PEPEUSDT, SHIBUSDT, DOGEUSDT, TRXUSDT, BONKUSDT, FLOKIUSDT
2026-09-05 16:01:35 | INFO     | engine.analysis.scanner   | Scanning BTCUSDT...
2026-09-05 16:01:36 | INFO     | engine.analysis.scanner   | Scanning ETHUSDT...
2026-09-05 16:01:37 | INFO     | engine.analysis.scanner   | Scanning SOLUSDT...
2026-09-05 16:01:38 | INFO     | engine.analysis.scanner   | Scanning XRPUSDT...
2026-09-05 16:01:39 | INFO     | engine.analysis.scanner   | Scanning BNBUSDT...
2026-09-05 16:01:40 | INFO     | engine.analysis.scanner   | Scanning PEPEUSDT...
2026-09-05 16:01:42 | INFO     | engine.analysis.scanner   | Scanning SHIBUSDT...
2026-09-05 16:01:43 | INFO     | engine.analysis.scanner   | Scanning DOGEUSDT...
2026-09-05 16:01:44 | INFO     | engine.analysis.scanner   | Scanning TRXUSDT...
2026-09-05 16:01:45 | INFO     | engine.analysis.scanner   | Scanning BONKUSDT...
2026-09-05 16:01:46 | INFO     | engine.analysis.scanner   | Scanning FLOKIUSDT...
2026-09-05 16:01:47 | INFO     | engine.analysis.scanner   | Scan complete: 11 symbols processed
2026-09-05 16:01:47 | INFO     | engine.trader             | Scan complete. Dominant regime: trending_up. Signals: BTCUSDT:BUY, ETHUSDT:BUY, SOLUSDT:BUY, XRPUSDT:HOLD, BNBUSDT:BUY, PEPEUSDT:HOLD, SHIBUSDT:STRONG_BUY, DOGEUSDT:BUY, TRXUSDT:HOLD, BONKUSDT:HOLD, FLOKIUSDT:HOLD
2026-09-05 16:01:48 | ERROR    | engine.execution.binance_executor | POST https://api.binance.com/api/v3/order?newClientOrderId=AQ_1788624108065_0aa348&quoteOrderQty=250.0&recvWindow=60000&side=BUY&symbol=BTCUSDT&timestamp=1788624108325&type=MARKET&signature=01a983b4e38236b79d7b8faa99e84f49b6901e0876605343febbc36a13e95dbd attempt 1 exception: ('Connection aborted.', ConnectionResetError(104, 'Connection reset by peer'))
2026-09-05 16:01:48 | ERROR    | engine.execution.binance_executor | POST https://api1.binance.com/api/v3/order?newClientOrderId=AQ_1788624108065_0aa348&quoteOrderQty=250.0&recvWindow=60000&side=BUY&symbol=BTCUSDT&timestamp=1788624108325&type=MARKET&signature=01a983b4e38236b79d7b8faa99e84f49b6901e0876605343febbc36a13e95dbd attempt 2 exception: ('Connection aborted.', ConnectionResetError(104, 'Connection reset by peer'))
2026-09-05 16:01:48 | ERROR    | engine.execution.binance_executor | POST https://api2.binance.com/api/v3/order?newClientOrderId=AQ_1788624108065_0aa348&quoteOrderQty=250.0&recvWindow=60000&side=BUY&symbol=BTCUSDT&timestamp=1788624108325&type=MARKET&signature=01a983b4e38236b79d7b8faa99e84f49b6901e0876605343febbc36a13e95dbd attempt 3 exception: ('Connection aborted.', ConnectionResetError(104, 'Connection reset by peer'))
2026-09-05 16:01:58 | ERROR    | engine.execution.binance_executor | POST https://api3.binance.com/api/v3/order?newClientOrderId=AQ_1788624108065_0aa348&quoteOrderQty=250.0&recvWindow=60000&side=BUY&symbol=BTCUSDT&timestamp=1788624108325&type=MARKET&signature=01a983b4e38236b79d7b8faa99e84f49b6901e0876605343febbc36a13e95dbd attempt 4 exception: ('Connection aborted.', ConnectionResetError(104, 'Connection reset by peer'))
2026-09-05 16:01:59 | ERROR    | engine.execution.binance_executor | POST https://api4.binance.com/api/v3/order?newClientOrderId=AQ_1788624108065_0aa348&quoteOrderQty=250.0&recvWindow=60000&side=BUY&symbol=BTCUSDT&timestamp=1788624108325&type=MARKET&signature=01a983b4e38236b79d7b8faa99e84f49b6901e0876605343febbc36a13e95dbd attempt 5 exception: ('Connection aborted.', ConnectionResetError(104, 'Connection reset by peer'))
2026-09-05 16:01:59 | ERROR    | engine.trader             | Order failed for BTCUSDT: {'error': 'Max retries exceeded', 'last_error': {'exception': "('Connection aborted.', ConnectionResetError(104, 'Connection reset by peer'))", 'type': 'ConnectionError'}}
2026-09-05 16:02:20 | ERROR    | engine.execution.binance_executor | POST https://api.binance.com/api/v3/order?newClientOrderId=AQ_1788624119991_3eaddc&quoteOrderQty=250.0&recvWindow=60000&side=BUY&symbol=ETHUSDT&timestamp=1788624120251&type=MARKET&signature=8bf7b8162e1c4f44b647aa36c6893460752322dccc7ce945298bdcd09a2e760e attempt 1 exception: HTTPSConnectionPool(host='api.binance.com', port=443): Max retries exceeded with url: /api/v3/order?newClientOrderId=AQ_1788624119991_3eaddc&quoteOrderQty=250.0&recvWindow=60000&side=BUY&symbol=ETHUSDT&timestamp=1788624120251&type=MARKET&signature=8bf7b8162e1c4f44b647aa36c6893460752322dccc7ce945298bdcd09a2e760e (Caused by ConnectTimeoutError(<HTTPSConnection(host='api.binance.com', port=443) at 0x724c58be90>, 'Connection to api.binance.com timed out. (connect timeout=10)'))
2026-09-05 16:02:20 | ERROR    | engine.execution.binance_executor | POST https://api1.binance.com/api/v3/order?newClientOrderId=AQ_1788624119991_3eaddc&quoteOrderQty=250.0&recvWindow=60000&side=BUY&symbol=ETHUSDT&timestamp=1788624120251&type=MARKET&signature=8bf7b8162e1c4f44b647aa36c6893460752322dccc7ce945298bdcd09a2e760e attempt 2 exception: ('Connection aborted.', ConnectionResetError(104, 'Connection reset by peer'))
INFO:     127.0.0.1:43800 - "GET /api/status HTTP/1.1" 401 Unauthorized
2026-09-05 16:02:31 | ERROR    | engine.execution.binance_executor | POST https://api2.binance.com/api/v3/order?newClientOrderId=AQ_1788624119991_3eaddc&quoteOrderQty=250.0&recvWindow=60000&side=BUY&symbol=ETHUSDT&timestamp=1788624120251&type=MARKET&signature=8bf7b8162e1c4f44b647aa36c6893460752322dccc7ce945298bdcd09a2e760e attempt 3 exception: ('Connection aborted.', ConnectionResetError(104, 'Connection reset by peer'))
2026-09-05 16:02:31 | ERROR    | engine.execution.binance_executor | POST https://api3.binance.com/api/v3/order?newClientOrderId=AQ_1788624119991_3eaddc&quoteOrderQty=250.0&recvWindow=60000&side=BUY&symbol=ETHUSDT&timestamp=1788624120251&type=MARKET&signature=8bf7b8162e1c4f44b647aa36c6893460752322dccc7ce945298bdcd09a2e760e attempt 4 exception: ('Connection aborted.', ConnectionResetError(104, 'Connection reset by peer'))
INFO:     127.0.0.1:43822 - "GET /api/status HTTP/1.1" 401 Unauthorized
2026-09-05 16:02:43 | ERROR    | engine.execution.binance_executor | GET https://api.binance.com/api/v3/account?recvWindow=60000&timestamp=1788624160480&signature=3f1d1ecda0bd16987a3bc8561df29f4126d2f531a8a18ddadf1feca3b4083a51 attempt 1 exception: ('Connection aborted.', ConnectionResetError(104, 'Connection reset by peer'))
2026-09-05 16:02:46 | ERROR    | engine.execution.binance_executor | GET https://api1.binance.com/api/v3/account?recvWindow=60000&timestamp=1788624160480&signature=3f1d1ecda0bd16987a3bc8561df29f4126d2f531a8a18ddadf1feca3b4083a51 attempt 2 exception: ('Connection aborted.', ConnectionResetError(104, 'Connection reset by peer'))
2026-09-05 16:02:51 | ERROR    | engine.execution.binance_executor | POST https://api4.binance.com/api/v3/order?newClientOrderId=AQ_1788624119991_3eaddc&quoteOrderQty=250.0&recvWindow=60000&side=BUY&symbol=ETHUSDT&timestamp=1788624120251&type=MARKET&signature=8bf7b8162e1c4f44b647aa36c6893460752322dccc7ce945298bdcd09a2e760e attempt 5 exception: HTTPSConnectionPool(host='api4.binance.com', port=443): Max retries exceeded with url: /api/v3/order?newClientOrderId=AQ_1788624119991_3eaddc&quoteOrderQty=250.0&recvWindow=60000&side=BUY&symbol=ETHUSDT&timestamp=1788624120251&type=MARKET&signature=8bf7b8162e1c4f44b647aa36c6893460752322dccc7ce945298bdcd09a2e760e (Caused by ConnectTimeoutError(<HTTPSConnection(host='api4.binance.com', port=443) at 0x724c4eee10>, 'Connection to api4.binance.com timed out. (connect timeout=10)'))
2026-09-05 16:02:51 | ERROR    | engine.trader             | Order failed for ETHUSDT: {'error': 'Max retries exceeded', 'last_error': {'exception': "HTTPSConnectionPool(host='api4.binance.com', port=443): Max retries exceeded with url: /api/v3/order?newClientOrderId=AQ_1788624119991_3eaddc&quoteOrderQty=250.0&recvWindow=60000&side=BUY&symbol=ETHUSDT&timestamp=1788624120251&type=MARKET&signature=8bf7b8162e1c4f44b647aa36c6893460752322dccc7ce945298bdcd09a2e760e (Caused by ConnectTimeoutError(<HTTPSConnection(host='api4.binance.com', port=443) at 0x724c4eee10>, 'Connection to api4.binance.com timed out. (connect timeout=10)'))", 'type': 'ConnectTimeout'}}
2026-09-05 16:02:54 | ERROR    | engine.execution.binance_executor | GET https://api2.binance.com/api/v3/account?recvWindow=60000&timestamp=1788624160480&signature=3f1d1ecda0bd16987a3bc8561df29f4126d2f531a8a18ddadf1feca3b4083a51 attempt 3 exception: ('Connection aborted.', ConnectionResetError(104, 'Connection reset by peer'))
2026-09-05 16:02:54 | ERROR    | engine.execution.binance_executor | GET https://api3.binance.com/api/v3/account?recvWindow=60000&timestamp=1788624160480&signature=3f1d1ecda0bd16987a3bc8561df29f4126d2f531a8a18ddadf1feca3b4083a51 attempt 4 exception: ('Connection aborted.', ConnectionResetError(104, 'Connection reset by peer'))
2026-09-05 16:02:54 | ERROR    | engine.execution.binance_executor | GET https://api4.binance.com/api/v3/account?recvWindow=60000&timestamp=1788624160480&signature=3f1d1ecda0bd16987a3bc8561df29f4126d2f531a8a18ddadf1feca3b4083a51 attempt 5 exception: ('Connection aborted.', ConnectionResetError(104, 'Connection reset by peer'))
2026-09-05 16:02:54 | ERROR    | engine.execution.binance_executor | get_account_balances failed (500): {'error': 'Max retries exceeded', 'last_error': {'exception': "('Connection aborted.', ConnectionResetError(104, 'Connection reset by peer'))", 'type': 'ConnectionError'}}
2026-09-05 16:03:02 | ERROR    | engine.execution.binance_executor | POST https://api.binance.com/api/v3/order?newClientOrderId=AQ_1788624171725_08707e&quoteOrderQty=250.0&recvWindow=60000&side=BUY&symbol=SOLUSDT&timestamp=1788624171985&type=MARKET&signature=3a94ddbf6bf9a520f0fae8b76995eb4ebd5b5375451cc2a65dfeb3d87fef3c3d attempt 1 exception: ('Connection aborted.', ConnectionResetError(104, 'Connection reset by peer'))
2026-09-05 16:03:07 | ERROR    | engine.execution.binance_executor | GET https://api.binance.com/api/v3/account?recvWindow=60000&timestamp=1788624174905&signature=c5b3df9fc310b4f2c0934f400543259ff21800c7acebab2255310204462a0f10 attempt 1 exception: ('Connection aborted.', ConnectionResetError(104, 'Connection reset by peer'))
2026-09-05 16:03:09 | ERROR    | engine.execution.binance_executor | GET https://api1.binance.com/api/v3/account?recvWindow=60000&timestamp=1788624174905&signature=c5b3df9fc310b4f2c0934f400543259ff21800c7acebab2255310204462a0f10 attempt 2 exception: ('Connection aborted.', ConnectionResetError(104, 'Connection reset by peer'))
2026-09-05 16:03:10 | ERROR    | engine.execution.binance_executor | GET https://api2.binance.com/api/v3/account?recvWindow=60000&timestamp=1788624174905&signature=c5b3df9fc310b4f2c0934f400543259ff21800c7acebab2255310204462a0f10 attempt 3 exception: ('Connection aborted.', ConnectionResetError(104, 'Connection reset by peer'))
2026-09-05 16:03:16 | ERROR    | engine.execution.binance_executor | POST https://api1.binance.com/api/v3/order?newClientOrderId=AQ_1788624171725_08707e&quoteOrderQty=250.0&recvWindow=60000&side=BUY&symbol=SOLUSDT&timestamp=1788624171985&type=MARKET&signature=3a94ddbf6bf9a520f0fae8b76995eb4ebd5b5375451cc2a65dfeb3d87fef3c3d attempt 2 exception: ('Connection aborted.', ConnectionResetError(104, 'Connection reset by peer'))
2026-09-05 16:03:16 | ERROR    | engine.execution.binance_executor | POST https://api2.binance.com/api/v3/order?newClientOrderId=AQ_1788624171725_08707e&quoteOrderQty=250.0&recvWindow=60000&side=BUY&symbol=SOLUSDT&timestamp=1788624171985&type=MARKET&signature=3a94ddbf6bf9a520f0fae8b76995eb4ebd5b5375451cc2a65dfeb3d87fef3c3d attempt 3 exception: ('Connection aborted.', ConnectionResetError(104, 'Connection reset by peer'))
2026-09-05 16:03:17 | ERROR    | engine.execution.binance_executor | GET https://api3.binance.com/api/v3/account?recvWindow=60000&timestamp=1788624174905&signature=c5b3df9fc310b4f2c0934f400543259ff21800c7acebab2255310204462a0f10 attempt 4 exception: ('Connection aborted.', ConnectionResetError(104, 'Connection reset by peer'))
2026-09-05 16:03:18 | ERROR    | engine.execution.binance_executor | GET https://api.binance.com/api/v3/account?recvWindow=60000&timestamp=1788624195672&signature=fca1d874c6951929e1c790ac9e9ae633f2a36f3163c8a4a70b6b7e78cbda2b09 attempt 1 exception: ('Connection aborted.', ConnectionResetError(104, 'Connection reset by peer'))
2026-09-05 16:03:19 | ERROR    | engine.execution.binance_executor | GET https://api1.binance.com/api/v3/account?recvWindow=60000&timestamp=1788624195672&signature=fca1d874c6951929e1c790ac9e9ae633f2a36f3163c8a4a70b6b7e78cbda2b09 attempt 2 exception: ('Connection aborted.', ConnectionResetError(104, 'Connection reset by peer'))
2026-09-05 16:03:20 | ERROR    | engine.execution.binance_executor | GET https://api4.binance.com/api/v3/account?recvWindow=60000&timestamp=1788624174905&signature=c5b3df9fc310b4f2c0934f400543259ff21800c7acebab2255310204462a0f10 attempt 5 exception: ('Connection aborted.', ConnectionResetError(104, 'Connection reset by peer'))
2026-09-05 16:03:20 | ERROR    | engine.execution.binance_executor | get_account_balances failed (500): {'error': 'Max retries exceeded', 'last_error': {'exception': "('Connection aborted.', ConnectionResetError(104, 'Connection reset by peer'))", 'type': 'ConnectionError'}}
2026-09-05 16:03:21 | ERROR    | engine.execution.binance_executor | GET https://api2.binance.com/api/v3/account?recvWindow=60000&timestamp=1788624195672&signature=fca1d874c6951929e1c790ac9e9ae633f2a36f3163c8a4a70b6b7e78cbda2b09 attempt 3 exception: ('Connection aborted.', ConnectionResetError(104, 'Connection reset by peer'))
2026-09-05 16:03:23 | ERROR    | engine.execution.binance_executor | GET https://api3.binance.com/api/v3/account?recvWindow=60000&timestamp=1788624195672&signature=fca1d874c6951929e1c790ac9e9ae633f2a36f3163c8a4a70b6b7e78cbda2b09 attempt 4 exception: HTTPSConnectionPool(host='api3.binance.com', port=443): Max retries exceeded with url: /api/v3/account?recvWindow=60000&timestamp=1788624195672&signature=fca1d874c6951929e1c790ac9e9ae633f2a36f3163c8a4a70b6b7e78cbda2b09 (Caused by SSLError(SSLCertVerificationError(1, "[SSL: CERTIFICATE_VERIFY_FAILED] certificate verify failed: Hostname mismatch, certificate is not valid for 'api3.binance.com'. (_ssl.c:992)")))
2026-09-05 16:03:23 | ERROR    | engine.execution.binance_executor | GET https://api4.binance.com/api/v3/account?recvWindow=60000&timestamp=1788624195672&signature=fca1d874c6951929e1c790ac9e9ae633f2a36f3163c8a4a70b6b7e78cbda2b09 attempt 5 exception: ('Connection aborted.', ConnectionResetError(104, 'Connection reset by peer'))
2026-09-05 16:03:23 | ERROR    | engine.execution.binance_executor | get_account_balances failed (500): {'error': 'Max retries exceeded', 'last_error': {'exception': "('Connection aborted.', ConnectionResetError(104, 'Connection reset by peer'))", 'type': 'ConnectionError'}}
2026-09-05 16:03:25 | ERROR    | engine.execution.binance_executor | GET https://fapi.binance.com/fapi/v2/account?recvWindow=60000&timestamp=1788624202491&signature=d2bbe1a677fb98395ee71a436fdb111908ce961b275f1946aa62c139155561a5 attempt 1 exception: ('Connection aborted.', ConnectionResetError(104, 'Connection reset by peer'))
2026-09-05 16:03:26 | ERROR    | engine.execution.binance_executor | POST https://api3.binance.com/api/v3/order?newClientOrderId=AQ_1788624171725_08707e&quoteOrderQty=250.0&recvWindow=60000&side=BUY&symbol=SOLUSDT&timestamp=1788624171985&type=MARKET&signature=3a94ddbf6bf9a520f0fae8b76995eb4ebd5b5375451cc2a65dfeb3d87fef3c3d attempt 4 exception: ('Connection aborted.', ConnectionResetError(104, 'Connection reset by peer'))
2026-09-05 16:03:27 | ERROR    | engine.execution.binance_executor | POST https://api4.binance.com/api/v3/order?newClientOrderId=AQ_1788624171725_08707e&quoteOrderQty=250.0&recvWindow=60000&side=BUY&symbol=SOLUSDT&timestamp=1788624171985&type=MARKET&signature=3a94ddbf6bf9a520f0fae8b76995eb4ebd5b5375451cc2a65dfeb3d87fef3c3d attempt 5 exception: ('Connection aborted.', ConnectionResetError(104, 'Connection reset by peer'))
2026-09-05 16:03:27 | ERROR    | engine.trader             | Order failed for SOLUSDT: {'error': 'Max retries exceeded', 'last_error': {'exception': "('Connection aborted.', ConnectionResetError(104, 'Connection reset by peer'))", 'type': 'ConnectionError'}}
2026-09-05 16:03:36 | ERROR    | engine.execution.binance_executor | GET https://api.binance.com/api/v3/account?recvWindow=60000&timestamp=1788624203485&signature=88b6dde1ded2404853377f2803507abb9869cf2b8711c20dd2f179b81a993ab9 attempt 1 exception: HTTPSConnectionPool(host='api.binance.com', port=443): Max retries exceeded with url: /api/v3/account?recvWindow=60000&timestamp=1788624203485&signature=88b6dde1ded2404853377f2803507abb9869cf2b8711c20dd2f179b81a993ab9 (Caused by SSLError(SSLCertVerificationError(1, "[SSL: CERTIFICATE_VERIFY_FAILED] certificate verify failed: Hostname mismatch, certificate is not valid for 'api.binance.com'. (_ssl.c:992)")))
2026-09-05 16:03:36 | ERROR    | engine.execution.binance_executor | GET https://api1.binance.com/api/v3/account?recvWindow=60000&timestamp=1788624203485&signature=88b6dde1ded2404853377f2803507abb9869cf2b8711c20dd2f179b81a993ab9 attempt 2 exception: HTTPSConnectionPool(host='api1.binance.com', port=443): Max retries exceeded with url: /api/v3/account?recvWindow=60000&timestamp=1788624203485&signature=88b6dde1ded2404853377f2803507abb9869cf2b8711c20dd2f179b81a993ab9 (Caused by SSLError(SSLCertVerificationError(1, "[SSL: CERTIFICATE_VERIFY_FAILED] certificate verify failed: Hostname mismatch, certificate is not valid for 'api1.binance.com'. (_ssl.c:992)")))
2026-09-05 16:03:38 | ERROR    | engine.execution.binance_executor | GET https://api2.binance.com/api/v3/account?recvWindow=60000&timestamp=1788624203485&signature=88b6dde1ded2404853377f2803507abb9869cf2b8711c20dd2f179b81a993ab9 attempt 3 exception: HTTPSConnectionPool(host='api2.binance.com', port=443): Max retries exceeded with url: /api/v3/account?recvWindow=60000&timestamp=1788624203485&signature=88b6dde1ded2404853377f2803507abb9869cf2b8711c20dd2f179b81a993ab9 (Caused by SSLError(SSLCertVerificationError(1, "[SSL: CERTIFICATE_VERIFY_FAILED] certificate verify failed: Hostname mismatch, certificate is not valid for 'api2.binance.com'. (_ssl.c:992)")))
2026-09-05 16:03:38 | ERROR    | engine.execution.binance_executor | POST https://api.binance.com/api/v3/order?newClientOrderId=AQ_1788624207889_17812e&quoteOrderQty=250.0&recvWindow=60000&side=BUY&symbol=BNBUSDT&timestamp=1788624208149&type=MARKET&signature=b50f09c7a274405eb2cd66c0a9d4da6cd2f0b90742d3b154e053a8aad8a26464 attempt 1 exception: HTTPSConnectionPool(host='api.binance.com', port=443): Max retries exceeded with url: /api/v3/order?newClientOrderId=AQ_1788624207889_17812e&quoteOrderQty=250.0&recvWindow=60000&side=BUY&symbol=BNBUSDT&timestamp=1788624208149&type=MARKET&signature=b50f09c7a274405eb2cd66c0a9d4da6cd2f0b90742d3b154e053a8aad8a26464 (Caused by SSLError(SSLCertVerificationError(1, "[SSL: CERTIFICATE_VERIFY_FAILED] certificate verify failed: Hostname mismatch, certificate is not valid for 'api.binance.com'. (_ssl.c:992)")))
2026-09-05 16:03:38 | ERROR    | engine.execution.binance_executor | GET https://fapi.binance.com/fapi/v2/account?recvWindow=60000&timestamp=1788624202491&signature=d2bbe1a677fb98395ee71a436fdb111908ce961b275f1946aa62c139155561a5 attempt 2 exception: HTTPSConnectionPool(host='fapi.binance.com', port=443): Max retries exceeded with url: /fapi/v2/account?recvWindow=60000&timestamp=1788624202491&signature=d2bbe1a677fb98395ee71a436fdb111908ce961b275f1946aa62c139155561a5 (Caused by SSLError(SSLCertVerificationError(1, "[SSL: CERTIFICATE_VERIFY_FAILED] certificate verify failed: Hostname mismatch, certificate is not valid for 'fapi.binance.com'. (_ssl.c:992)")))
2026-09-05 16:03:48 | ERROR    | engine.execution.binance_executor | GET https://api3.binance.com/api/v3/account?recvWindow=60000&timestamp=1788624203485&signature=88b6dde1ded2404853377f2803507abb9869cf2b8711c20dd2f179b81a993ab9 attempt 4 exception: HTTPSConnectionPool(host='api3.binance.com', port=443): Max retries exceeded with url: /api/v3/account?recvWindow=60000&timestamp=1788624203485&signature=88b6dde1ded2404853377f2803507abb9869cf2b8711c20dd2f179b81a993ab9 (Caused by SSLError(SSLCertVerificationError(1, "[SSL: CERTIFICATE_VERIFY_FAILED] certificate verify failed: Hostname mismatch, certificate is not valid for 'api3.binance.com'. (_ssl.c:992)")))
2026-09-05 16:03:58 | ERROR    | engine.execution.binance_executor | POST https://api1.binance.com/api/v3/order?newClientOrderId=AQ_1788624207889_17812e&quoteOrderQty=250.0&recvWindow=60000&side=BUY&symbol=BNBUSDT&timestamp=1788624208149&type=MARKET&signature=b50f09c7a274405eb2cd66c0a9d4da6cd2f0b90742d3b154e053a8aad8a26464 attempt 2 exception: HTTPSConnectionPool(host='api1.binance.com', port=443): Max retries exceeded with url: /api/v3/order?newClientOrderId=AQ_1788624207889_17812e&quoteOrderQty=250.0&recvWindow=60000&side=BUY&symbol=BNBUSDT&timestamp=1788624208149&type=MARKET&signature=b50f09c7a274405eb2cd66c0a9d4da6cd2f0b90742d3b154e053a8aad8a26464 (Caused by ConnectTimeoutError(<HTTPSConnection(host='api1.binance.com', port=443) at 0x724c4e8ad0>, 'Connection to api1.binance.com timed out. (connect timeout=10)'))
2026-09-05 16:03:58 | ERROR    | engine.execution.binance_executor | GET https://fapi.binance.com/fapi/v2/account?recvWindow=60000&timestamp=1788624202491&signature=d2bbe1a677fb98395ee71a436fdb111908ce961b275f1946aa62c139155561a5 attempt 3 exception: HTTPSConnectionPool(host='fapi.binance.com', port=443): Max retries exceeded with url: /fapi/v2/account?recvWindow=60000&timestamp=1788624202491&signature=d2bbe1a677fb98395ee71a436fdb111908ce961b275f1946aa62c139155561a5 (Caused by ConnectTimeoutError(<HTTPSConnection(host='fapi.binance.com', port=443) at 0x724c694b90>, 'Connection to fapi.binance.com timed out. (connect timeout=10)'))
2026-09-05 16:04:08 | ERROR    | engine.execution.binance_executor | GET https://api4.binance.com/api/v3/account?recvWindow=60000&timestamp=1788624203485&signature=88b6dde1ded2404853377f2803507abb9869cf2b8711c20dd2f179b81a993ab9 attempt 5 exception: HTTPSConnectionPool(host='api4.binance.com', port=443): Max retries exceeded with url: /api/v3/account?recvWindow=60000&timestamp=1788624203485&signature=88b6dde1ded2404853377f2803507abb9869cf2b8711c20dd2f179b81a993ab9 (Caused by ConnectTimeoutError(<HTTPSConnection(host='api4.binance.com', port=443) at 0x724c4ee150>, 'Connection to api4.binance.com timed out. (connect timeout=10)'))
2026-09-05 16:04:08 | ERROR    | engine.execution.binance_executor | get_account_balances failed (500): {'error': 'Max retries exceeded', 'last_error': {'exception': "HTTPSConnectionPool(host='api4.binance.com', port=443): Max retries exceeded with url: /api/v3/account?recvWindow=60000&timestamp=1788624203485&signature=88b6dde1ded2404853377f2803507abb9869cf2b8711c20dd2f179b81a993ab9 (Caused by ConnectTimeoutError(<HTTPSConnection(host='api4.binance.com', port=443) at 0x724c4ee150>, 'Connection to api4.binance.com timed out. (connect timeout=10)'))", 'type': 'ConnectTimeout'}}
2026-09-05 16:04:09 | ERROR    | engine.execution.binance_executor | POST https://api2.binance.com/api/v3/order?newClientOrderId=AQ_1788624207889_17812e&quoteOrderQty=250.0&recvWindow=60000&side=BUY&symbol=BNBUSDT&timestamp=1788624208149&type=MARKET&signature=b50f09c7a274405eb2cd66c0a9d4da6cd2f0b90742d3b154e053a8aad8a26464 attempt 3 exception: HTTPSConnectionPool(host='api2.binance.com', port=443): Max retries exceeded with url: /api/v3/order?newClientOrderId=AQ_1788624207889_17812e&quoteOrderQty=250.0&recvWindow=60000&side=BUY&symbol=BNBUSDT&timestamp=1788624208149&type=MARKET&signature=b50f09c7a274405eb2cd66c0a9d4da6cd2f0b90742d3b154e053a8aad8a26464 (Caused by SSLError(SSLCertVerificationError(1, "[SSL: CERTIFICATE_VERIFY_FAILED] certificate verify failed: Hostname mismatch, certificate is not valid for 'api2.binance.com'. (_ssl.c:992)")))
2026-09-05 16:04:16 | ERROR    | engine.execution.binance_executor | GET https://fapi.binance.com/fapi/v2/account?recvWindow=60000&timestamp=1788624202491&signature=d2bbe1a677fb98395ee71a436fdb111908ce961b275f1946aa62c139155561a5 attempt 4 exception: HTTPSConnectionPool(host='fapi.binance.com', port=443): Max retries exceeded with url: /fapi/v2/account?recvWindow=60000&timestamp=1788624202491&signature=d2bbe1a677fb98395ee71a436fdb111908ce961b275f1946aa62c139155561a5 (Caused by SSLError(SSLCertVerificationError(1, "[SSL: CERTIFICATE_VERIFY_FAILED] certificate verify failed: Hostname mismatch, certificate is not valid for 'fapi.binance.com'. (_ssl.c:992)")))
2026-09-05 16:04:24 | ERROR    | engine.execution.binance_executor | GET https://fapi.binance.com/fapi/v2/account?recvWindow=60000&timestamp=1788624202491&signature=d2bbe1a677fb98395ee71a436fdb111908ce961b275f1946aa62c139155561a5 attempt 5 exception: HTTPSConnectionPool(host='fapi.binance.com', port=443): Max retries exceeded with url: /fapi/v2/account?recvWindow=60000&timestamp=1788624202491&signature=d2bbe1a677fb98395ee71a436fdb111908ce961b275f1946aa62c139155561a5 (Caused by SSLError(SSLCertVerificationError(1, "[SSL: CERTIFICATE_VERIFY_FAILED] certificate verify failed: Hostname mismatch, certificate is not valid for 'fapi.binance.com'. (_ssl.c:992)")))
INFO:     127.0.0.1:43832 - "GET /api/status HTTP/1.1" 200 OK
2026-09-05 16:04:25 | ERROR    | engine.execution.binance_executor | GET https://fapi.binance.com/fapi/v2/account?recvWindow=60000&timestamp=1788624264870&signature=a6d8c9c00422793adf339fb0dbf1d342940f9a334c8d41a1882bc9c01a058191 attempt 1 exception: HTTPSConnectionPool(host='fapi.binance.com', port=443): Max retries exceeded with url: /fapi/v2/account?recvWindow=60000&timestamp=1788624264870&signature=a6d8c9c00422793adf339fb0dbf1d342940f9a334c8d41a1882bc9c01a058191 (Caused by SSLError(SSLCertVerificationError(1, "[SSL: CERTIFICATE_VERIFY_FAILED] certificate verify failed: Hostname mismatch, certificate is not valid for 'fapi.binance.com'. (_ssl.c:992)")))
2026-09-05 16:04:27 | ERROR    | engine.execution.binance_executor | POST https://api3.binance.com/api/v3/order?newClientOrderId=AQ_1788624207889_17812e&quoteOrderQty=250.0&recvWindow=60000&side=BUY&symbol=BNBUSDT&timestamp=1788624208149&type=MARKET&signature=b50f09c7a274405eb2cd66c0a9d4da6cd2f0b90742d3b154e053a8aad8a26464 attempt 4 exception: HTTPSConnectionPool(host='api3.binance.com', port=443): Max retries exceeded with url: /api/v3/order?newClientOrderId=AQ_1788624207889_17812e&quoteOrderQty=250.0&recvWindow=60000&side=BUY&symbol=BNBUSDT&timestamp=1788624208149&type=MARKET&signature=b50f09c7a274405eb2cd66c0a9d4da6cd2f0b90742d3b154e053a8aad8a26464 (Caused by SSLError(SSLCertVerificationError(1, "[SSL: CERTIFICATE_VERIFY_FAILED] certificate verify failed: Hostname mismatch, certificate is not valid for 'api3.binance.com'. (_ssl.c:992)")))
INFO:     Shutting down
INFO:     Waiting for connections to close. (CTRL+C to force quit)
2026-09-05 16:04:30 | ERROR    | engine.execution.binance_executor | POST https://api4.binance.com/api/v3/order?newClientOrderId=AQ_1788624207889_17812e&quoteOrderQty=250.0&recvWindow=60000&side=BUY&symbol=BNBUSDT&timestamp=1788624208149&type=MARKET&signature=b50f09c7a274405eb2cd66c0a9d4da6cd2f0b90742d3b154e053a8aad8a26464 attempt 5 exception: HTTPSConnectionPool(host='api4.binance.com', port=443): Max retries exceeded with url: /api/v3/order?newClientOrderId=AQ_1788624207889_17812e&quoteOrderQty=250.0&recvWindow=60000&side=BUY&symbol=BNBUSDT&timestamp=1788624208149&type=MARKET&signature=b50f09c7a274405eb2cd66c0a9d4da6cd2f0b90742d3b154e053a8aad8a26464 (Caused by SSLError(SSLCertVerificationError(1, "[SSL: CERTIFICATE_VERIFY_FAILED] certificate verify failed: Hostname mismatch, certificate is not valid for 'api4.binance.com'. (_ssl.c:992)")))
2026-09-05 16:04:30 | ERROR    | engine.trader             | Order failed for BNBUSDT: {'error': 'Max retries exceeded', 'last_error': {'exception': 'HTTPSConnectionPool(host=\'api4.binance.com\', port=443): Max retries exceeded with url: /api/v3/order?newClientOrderId=AQ_1788624207889_17812e&quoteOrderQty=250.0&recvWindow=60000&side=BUY&symbol=BNBUSDT&timestamp=1788624208149&type=MARKET&signature=b50f09c7a274405eb2cd66c0a9d4da6cd2f0b90742d3b154e053a8aad8a26464 (Caused by SSLError(SSLCertVerificationError(1, "[SSL: CERTIFICATE_VERIFY_FAILED] certificate verify failed: Hostname mismatch, certificate is not valid for \'api4.binance.com\'. (_ssl.c:992)")))', 'type': 'SSLError'}}
2026-09-05 16:04:30 | INFO     | engine.reporting.report_service | Daily report generated: daily_report_2026_09_05.json
2026-09-05 16:04:31 | WARNING  | engine.trader             | Sentiment data unavailable for: BTCUSDT, ETHUSDT, SOLUSDT, XRPUSDT, BNBUSDT, PEPEUSDT, SHIBUSDT, DOGEUSDT, TRXUSDT, BONKUSDT, FLOKIUSDT
2026-09-05 16:04:31 | INFO     | engine.analysis.scanner   | Scanning BTCUSDT...
2026-09-05 16:04:32 | INFO     | engine.analysis.scanner   | Scanning ETHUSDT...
2026-09-05 16:04:33 | INFO     | engine.analysis.scanner   | Scanning SOLUSDT...
2026-09-05 16:04:33 | INFO     | engine.analysis.scanner   | Scanning XRPUSDT...
2026-09-05 16:04:34 | INFO     | engine.analysis.scanner   | Scanning BNBUSDT...
2026-09-05 16:04:35 | INFO     | engine.analysis.scanner   | Scanning PEPEUSDT...
2026-09-05 16:04:36 | ERROR    | engine.execution.binance_executor | GET https://fapi.binance.com/fapi/v2/account?recvWindow=60000&timestamp=1788624264870&signature=a6d8c9c00422793adf339fb0dbf1d342940f9a334c8d41a1882bc9c01a058191 attempt 2 exception: HTTPSConnectionPool(host='fapi.binance.com', port=443): Max retries exceeded with url: /fapi/v2/account?recvWindow=60000&timestamp=1788624264870&signature=a6d8c9c00422793adf339fb0dbf1d342940f9a334c8d41a1882bc9c01a058191 (Caused by SSLError(SSLCertVerificationError(1, "[SSL: CERTIFICATE_VERIFY_FAILED] certificate verify failed: Hostname mismatch, certificate is not valid for 'fapi.binance.com'. (_ssl.c:992)")))
2026-09-05 16:04:36 | INFO     | engine.analysis.scanner   | Scanning SHIBUSDT...
2026-09-05 16:04:37 | INFO     | engine.analysis.scanner   | Scanning DOGEUSDT...
2026-09-05 16:04:37 | INFO     | engine.analysis.scanner   | Scanning TRXUSDT...
2026-09-05 16:04:38 | INFO     | engine.analysis.scanner   | Scanning BONKUSDT...
2026-09-05 16:04:39 | ERROR    | engine.execution.binance_executor | GET https://fapi.binance.com/fapi/v2/account?recvWindow=60000&timestamp=1788624264870&signature=a6d8c9c00422793adf339fb0dbf1d342940f9a334c8d41a1882bc9c01a058191 attempt 3 exception: HTTPSConnectionPool(host='fapi.binance.com', port=443): Max retries exceeded with url: /fapi/v2/account?recvWindow=60000&timestamp=1788624264870&signature=a6d8c9c00422793adf339fb0dbf1d342940f9a334c8d41a1882bc9c01a058191 (Caused by SSLError(SSLCertVerificationError(1, "[SSL: CERTIFICATE_VERIFY_FAILED] certificate verify failed: Hostname mismatch, certificate is not valid for 'fapi.binance.com'. (_ssl.c:992)")))
2026-09-05 16:04:39 | INFO     | engine.analysis.scanner   | Scanning FLOKIUSDT...
2026-09-05 16:04:39 | ERROR    | engine.execution.binance_executor | GET https://fapi.binance.com/fapi/v2/account?recvWindow=60000&timestamp=1788624264870&signature=a6d8c9c00422793adf339fb0dbf1d342940f9a334c8d41a1882bc9c01a058191 attempt 4 exception: HTTPSConnectionPool(host='fapi.binance.com', port=443): Max retries exceeded with url: /fapi/v2/account?recvWindow=60000&timestamp=1788624264870&signature=a6d8c9c00422793adf339fb0dbf1d342940f9a334c8d41a1882bc9c01a058191 (Caused by SSLError(SSLCertVerificationError(1, "[SSL: CERTIFICATE_VERIFY_FAILED] certificate verify failed: Hostname mismatch, certificate is not valid for 'fapi.binance.com'. (_ssl.c:992)")))
2026-09-05 16:04:39 | ERROR    | engine.execution.binance_executor | GET https://fapi.binance.com/fapi/v2/account?recvWindow=60000&timestamp=1788624264870&signature=a6d8c9c00422793adf339fb0dbf1d342940f9a334c8d41a1882bc9c01a058191 attempt 5 exception: HTTPSConnectionPool(host='fapi.binance.com', port=443): Max retries exceeded with url: /fapi/v2/account?recvWindow=60000&timestamp=1788624264870&signature=a6d8c9c00422793adf339fb0dbf1d342940f9a334c8d41a1882bc9c01a058191 (Caused by SSLError(SSLCertVerificationError(1, "[SSL: CERTIFICATE_VERIFY_FAILED] certificate verify failed: Hostname mismatch, certificate is not valid for 'fapi.binance.com'. (_ssl.c:992)")))
INFO:     127.0.0.1:43894 - "GET /api/status HTTP/1.1" 200 OK
INFO:     Waiting for application shutdown.
2026-09-05 16:04:40 | INFO     | engine.analysis.scanner   | Scan complete: 11 symbols processed
2026-09-05 16:04:40 | INFO     | engine.trader             | Scan complete. Dominant regime: trending_up. Signals: BTCUSDT:BUY, ETHUSDT:BUY, SOLUSDT:BUY, XRPUSDT:HOLD, BNBUSDT:BUY, PEPEUSDT:HOLD, SHIBUSDT:STRONG_BUY, DOGEUSDT:BUY, TRXUSDT:HOLD, BONKUSDT:HOLD, FLOKIUSDT:HOLD
2026-09-05 16:04:44 | INFO     | engine.execution.ws_price_stream | PriceStream stopped
2026-09-05 16:04:45 | INFO     | engine.scheduler.scheduler | Scheduler stopped
2026-09-05 16:04:45 | INFO     | engine.storage            | ✅ [UPSTASH REDIS] SET 'runtime_state' successful (24959 bytes synced to cloud)
2026-09-05 16:04:45 | INFO     | api.main                  | System shutdown cleanly
INFO:     Application shutdown complete.
INFO:     Finished server process [31097]
